--------------------------------------------------------------------------------
Release 14.7 Trace  (nt64)
Copyright (c) 1995-2013 Xilinx, Inc.  All rights reserved.

d:\Xilinx\14.7\ISE_DS\ISE\bin\nt64\unwrapped\trce.exe -intstyle ise -v 3 -s 2
-n 3 -fastpaths -xml seven_seg.twx seven_seg.ncd -o seven_seg.twr seven_seg.pcf

Design file:              seven_seg.ncd
Physical constraint file: seven_seg.pcf
Device,package,speed:     xc6slx75t,fgg484,C,-2 (PRODUCTION 1.23 2013-10-13)
Report level:             verbose report

Environment Variable      Effect 
--------------------      ------ 
NONE                      No environment variables were set
--------------------------------------------------------------------------------

INFO:Timing:2698 - No timing constraints found, doing default enumeration.
INFO:Timing:3412 - To improve timing, see the Timing Closure User Guide (UG612).
INFO:Timing:2752 - To get complete path coverage, use the unconstrained paths 
   option. All paths that are not constrained will be reported in the 
   unconstrained paths section(s) of the report.
INFO:Timing:3339 - The clock-to-out numbers in this timing report are based on 
   a 50 Ohm transmission line loading model.  For the details of this model, 
   and for more information on accounting for different loading conditions, 
   please see the device datasheet.



Data Sheet report:
-----------------
All values displayed in nanoseconds (ns)

Pad to Pad
---------------+---------------+---------+
Source Pad     |Destination Pad|  Delay  |
---------------+---------------+---------+
input<0>       |output<0>      |    9.377|
input<0>       |output<1>      |    8.695|
input<0>       |output<2>      |    9.726|
input<0>       |output<3>      |    9.258|
input<0>       |output<4>      |   10.415|
input<0>       |output<5>      |   10.112|
input<0>       |output<6>      |   10.158|
input<1>       |output<0>      |    9.158|
input<1>       |output<1>      |    8.508|
input<1>       |output<2>      |    9.017|
input<1>       |output<3>      |    9.039|
input<1>       |output<4>      |   10.043|
input<1>       |output<5>      |    9.403|
input<1>       |output<6>      |    9.786|
input<2>       |output<0>      |    8.908|
input<2>       |output<1>      |    8.352|
input<2>       |output<2>      |    8.652|
input<2>       |output<3>      |    8.789|
input<2>       |output<4>      |    9.573|
input<2>       |output<5>      |    9.038|
input<2>       |output<6>      |    9.316|
input<3>       |output<0>      |    8.671|
input<3>       |output<1>      |    8.116|
input<3>       |output<2>      |    9.090|
input<3>       |output<3>      |    8.552|
input<3>       |output<4>      |    9.549|
input<3>       |output<5>      |    9.476|
input<3>       |output<6>      |    9.292|
---------------+---------------+---------+


Analysis completed Fri Mar 22 20:52:38 2019 
--------------------------------------------------------------------------------

Trace Settings:
-------------------------
Trace Settings 

Peak Memory Usage: 303 MB



