--------------------------------------------------------------------------------
Release 14.7 Trace  (nt64)
Copyright (c) 1995-2013 Xilinx, Inc.  All rights reserved.

d:\Xilinx\14.7\ISE_DS\ISE\bin\nt64\unwrapped\trce.exe -intstyle ise -v 3 -s 2
-n 3 -fastpaths -xml shift_RTL.twx shift_RTL.ncd -o shift_RTL.twr shift_RTL.pcf

Design file:              shift_RTL.ncd
Physical constraint file: shift_RTL.pcf
Device,package,speed:     xc6slx75t,fgg484,C,-2 (PRODUCTION 1.23 2013-10-13)
Report level:             verbose report

Environment Variable      Effect 
--------------------      ------ 
NONE                      No environment variables were set
--------------------------------------------------------------------------------

INFO:Timing:2698 - No timing constraints found, doing default enumeration.
INFO:Timing:3412 - To improve timing, see the Timing Closure User Guide (UG612).
INFO:Timing:2752 - To get complete path coverage, use the unconstrained paths 
   option. All paths that are not constrained will be reported in the 
   unconstrained paths section(s) of the report.
INFO:Timing:3339 - The clock-to-out numbers in this timing report are based on 
   a 50 Ohm transmission line loading model.  For the details of this model, 
   and for more information on accounting for different loading conditions, 
   please see the device datasheet.



Data Sheet report:
-----------------
All values displayed in nanoseconds (ns)

Pad to Pad
---------------+---------------+---------+
Source Pad     |Destination Pad|  Delay  |
---------------+---------------+---------+
input<0>       |output<0>      |    9.642|
input<1>       |output<0>      |    9.307|
input<1>       |output<1>      |    9.347|
input<2>       |output<0>      |    9.790|
input<2>       |output<1>      |    9.797|
input<2>       |output<2>      |    9.438|
input<3>       |output<0>      |    9.925|
input<3>       |output<1>      |    9.834|
input<3>       |output<2>      |    9.703|
input<3>       |output<3>      |    8.848|
input<4>       |output<0>      |   10.385|
input<4>       |output<1>      |   10.326|
input<4>       |output<2>      |   10.399|
input<4>       |output<3>      |    9.615|
input<4>       |output<4>      |   10.350|
input<5>       |output<0>      |   10.075|
input<5>       |output<1>      |   10.112|
input<5>       |output<2>      |    9.722|
input<5>       |output<3>      |    9.174|
input<5>       |output<4>      |   10.040|
input<5>       |output<5>      |    9.335|
input<6>       |output<0>      |   10.792|
input<6>       |output<1>      |   10.354|
input<6>       |output<2>      |   10.308|
input<6>       |output<3>      |    9.789|
input<6>       |output<4>      |   10.757|
input<6>       |output<5>      |   10.023|
input<6>       |output<6>      |    9.817|
input<7>       |output<0>      |   10.216|
input<7>       |output<1>      |   10.213|
input<7>       |output<2>      |    9.916|
input<7>       |output<3>      |    9.096|
input<7>       |output<4>      |   10.181|
input<7>       |output<5>      |    9.106|
input<7>       |output<6>      |    9.385|
input<7>       |output<7>      |    9.139|
mode           |output<1>      |   10.018|
mode           |output<2>      |   10.166|
mode           |output<3>      |    9.353|
mode           |output<4>      |    9.243|
mode           |output<5>      |    9.197|
mode           |output<6>      |    9.182|
mode           |output<7>      |    9.548|
shamt<0>       |output<0>      |   10.443|
shamt<0>       |output<1>      |   10.087|
shamt<0>       |output<2>      |   10.088|
shamt<0>       |output<3>      |    9.529|
shamt<0>       |output<4>      |   10.049|
shamt<0>       |output<5>      |    9.342|
shamt<0>       |output<6>      |    9.100|
shamt<0>       |output<7>      |    9.241|
shamt<1>       |output<0>      |   10.239|
shamt<1>       |output<1>      |   10.547|
shamt<1>       |output<2>      |   10.406|
shamt<1>       |output<3>      |   10.442|
shamt<1>       |output<4>      |   10.204|
shamt<1>       |output<5>      |    9.140|
shamt<1>       |output<6>      |    9.164|
shamt<1>       |output<7>      |    9.337|
shamt<2>       |output<0>      |    9.878|
shamt<2>       |output<1>      |    9.973|
shamt<2>       |output<2>      |    9.867|
shamt<2>       |output<3>      |    9.604|
shamt<2>       |output<4>      |    9.803|
shamt<2>       |output<5>      |    9.493|
shamt<2>       |output<6>      |    9.283|
shamt<2>       |output<7>      |    9.277|
---------------+---------------+---------+


Analysis completed Fri Mar 22 20:03:18 2019 
--------------------------------------------------------------------------------

Trace Settings:
-------------------------
Trace Settings 

Peak Memory Usage: 303 MB



